[paidalts.com/index.html]
[bootswatch.com/3/paper/bootstrap.min.css]
[use.fontawesome.com/releases/v5.0.13/css/all.css]
[backblue.gif]
[fade.gif]
[index.html]
[paidalts.com/main.css]
[paidalts.com/generator.html]
[paidalts.com/contact.html]
[paidalts.com/tos.html]
[paidalts.com/logo.png]
[paidalts.com/uploads/product/minecraft-semi-full-access-rkfGMjWEQ.png]
[paidalts.com/uploads/product/minecraft-non-full-access-ByWrt19U7.png]
[paidalts.com/uploads/product/minecraft-hypixel-unbanned-B1qHfsW4m.png]
[paidalts.com/uploads/product/minecraft-unmigrated-full-access-HJiWfjbE7.png]
[paidalts.com/uploads/product/minecraft-hypixel-mvp-mvp-SkXXGsbNQ.png]
[paidalts.com/uploads/product/minecraft-hypixel-vip-vip-S1j7Gj-NX.png]
[paidalts.com/uploads/product/minecraft-hypixel-level-25-rJzUAk5U7.png]
[paidalts.com/uploads/product/minecraft-minecon-cape-nfa-rkiy46aZQ.jpg]
[paidalts.com/uploads/product/minecraft-semi-og-minecraft-nfa-HJGMig9SX.jpg]
[paidalts.com/uploads/product/minecraft-optifine-cape-H1VJh12BX.png]
[paidalts.com/uploads/product/beta-checker-v-1-9-or-crack-minecraft-accounts-r1HsZKuG4.png]
[paidalts.com/uploads/product/beta-checker-v-1-9-team-license-or-crack-minecraft-accounts-rJvkMv_bH.png]
[cdn.by.wonderpush.com/sdk/1.1/wonderpush-loader.min.js]
[ajax.googleapis.com/ajax/libs/jquery/2.1.3/jquery.min.js]
[maxcdn.bootstrapcdn.com/bootstrap/3.3.1/js/bootstrap.min.js]
[paidalts.com/index.html]
[bootswatch.com/3/paper/bootstrap.min.css]
[use.fontawesome.com/releases/v5.0.13/css/all.css]
[fonts.googleapis.com/cssa823.css]
[paidalts.com/main.css]
[paidalts.com/generator.html]
[paidalts.com/contact.html]
[paidalts.com/tos.html]
